2025-07-28T23:14:20.231+05:30  INFO 760869 --- [main] com.practice.SpringPracticeApplication   : Starting SpringPracticeApplication using Java 17.0.15 with PID 760869 (/home/jatin/Desktop/rashindra/backend/spring-practice/target/classes started by jatin in /home/jatin/Desktop/rashindra/backend/spring-practice)
2025-07-28T23:14:20.243+05:30  INFO 760869 --- [main] com.practice.SpringPracticeApplication   : The following 1 profile is active: "dev"
2025-07-28T23:14:21.063+05:30  INFO 760869 --- [main] .s.d.r.c.RepositoryConfigurationDelegate : Bootstrapping Spring Data JPA repositories in DEFAULT mode.
2025-07-28T23:14:21.149+05:30  INFO 760869 --- [main] .s.d.r.c.RepositoryConfigurationDelegate : Finished Spring Data repository scanning in 73 ms. Found 4 JPA repository interfaces.
2025-07-28T23:14:21.878+05:30  INFO 760869 --- [main] o.s.b.w.embedded.tomcat.TomcatWebServer  : Tomcat initialized with port(s): 8082 (http)
2025-07-28T23:14:21.892+05:30  INFO 760869 --- [main] o.apache.catalina.core.StandardService   : Starting service [Tomcat]
2025-07-28T23:14:21.892+05:30  INFO 760869 --- [main] o.apache.catalina.core.StandardEngine    : Starting Servlet engine: [Apache Tomcat/10.1.12]
2025-07-28T23:14:22.014+05:30  INFO 760869 --- [main] o.a.c.c.C.[Tomcat].[localhost].[/]       : Initializing Spring embedded WebApplicationContext
2025-07-28T23:14:22.015+05:30  INFO 760869 --- [main] w.s.c.ServletWebServerApplicationContext : Root WebApplicationContext: initialization completed in 1681 ms
2025-07-28T23:14:22.248+05:30  INFO 760869 --- [main] o.hibernate.jpa.internal.util.LogHelper  : HHH000204: Processing PersistenceUnitInfo [name: default]
2025-07-28T23:14:22.320+05:30  INFO 760869 --- [main] org.hibernate.Version                    : HHH000412: Hibernate ORM core version 6.2.7.Final
2025-07-28T23:14:22.323+05:30  INFO 760869 --- [main] org.hibernate.cfg.Environment            : HHH000406: Using bytecode reflection optimizer
2025-07-28T23:14:22.495+05:30  INFO 760869 --- [main] o.h.b.i.BytecodeProviderInitiator        : HHH000021: Bytecode provider name : bytebuddy
2025-07-28T23:14:22.652+05:30  INFO 760869 --- [main] o.s.o.j.p.SpringPersistenceUnitInfo      : No LoadTimeWeaver setup: ignoring JPA class transformer
2025-07-28T23:14:22.668+05:30  INFO 760869 --- [main] com.zaxxer.hikari.HikariDataSource       : HikariPool-1 - Starting...
2025-07-28T23:14:23.042+05:30  INFO 760869 --- [main] com.zaxxer.hikari.pool.HikariPool        : HikariPool-1 - Added connection com.mysql.cj.jdbc.ConnectionImpl@743bb39a
2025-07-28T23:14:23.044+05:30  INFO 760869 --- [main] com.zaxxer.hikari.HikariDataSource       : HikariPool-1 - Start completed.
2025-07-28T23:14:23.089+05:30  WARN 760869 --- [main] org.hibernate.orm.deprecation            : HHH90000026: MySQL8Dialect has been deprecated; use org.hibernate.dialect.MySQLDialect instead
2025-07-28T23:14:23.309+05:30  INFO 760869 --- [main] o.h.b.i.BytecodeProviderInitiator        : HHH000021: Bytecode provider name : bytebuddy
2025-07-28T23:14:23.982+05:30  INFO 760869 --- [main] o.h.e.t.j.p.i.JtaPlatformInitiator       : HHH000490: Using JtaPlatform implementation: [org.hibernate.engine.transaction.jta.platform.internal.NoJtaPlatform]
2025-07-28T23:14:24.105+05:30  INFO 760869 --- [main] j.LocalContainerEntityManagerFactoryBean : Initialized JPA EntityManagerFactory for persistence unit 'default'
2025-07-28T23:14:24.709+05:30  WARN 760869 --- [main] JpaBaseConfiguration$JpaWebConfiguration : spring.jpa.open-in-view is enabled by default. Therefore, database queries may be performed during view rendering. Explicitly configure spring.jpa.open-in-view to disable this warning
2025-07-28T23:14:24.859+05:30  INFO 760869 --- [main] o.s.s.web.DefaultSecurityFilterChain     : Will secure any request with [org.springframework.security.web.session.DisableEncodeUrlFilter@241abc2, org.springframework.security.web.context.request.async.WebAsyncManagerIntegrationFilter@7e5e7753, org.springframework.security.web.context.SecurityContextHolderFilter@38f569d, org.springframework.security.web.header.HeaderWriterFilter@329aa2d1, org.springframework.security.web.authentication.logout.LogoutFilter@17e66aed, org.springframework.security.web.authentication.UsernamePasswordAuthenticationFilter@9ba167e, org.springframework.security.web.authentication.ui.DefaultLoginPageGeneratingFilter@bddac1c, org.springframework.security.web.authentication.ui.DefaultLogoutPageGeneratingFilter@11678469, org.springframework.security.web.authentication.www.BasicAuthenticationFilter@3c981f76, org.springframework.security.web.savedrequest.RequestCacheAwareFilter@755a90a6, org.springframework.security.web.servletapi.SecurityContextHolderAwareRequestFilter@4379fe2a, org.springframework.security.web.authentication.AnonymousAuthenticationFilter@395115ac, org.springframework.security.web.access.ExceptionTranslationFilter@52bcfd10, org.springframework.security.web.access.intercept.AuthorizationFilter@60739eca]
2025-07-28T23:14:25.330+05:30  INFO 760869 --- [main] o.s.b.w.embedded.tomcat.TomcatWebServer  : Tomcat started on port(s): 8082 (http) with context path ''
2025-07-28T23:14:25.340+05:30  INFO 760869 --- [main] com.practice.SpringPracticeApplication   : Started SpringPracticeApplication in 5.686 seconds (process running for 6.181)
2025-07-28T23:16:30.803+05:30  INFO 760869 --- [http-nio-8082-exec-2] o.a.c.c.C.[Tomcat].[localhost].[/]       : Initializing Spring DispatcherServlet 'dispatcherServlet'
2025-07-28T23:16:30.803+05:30  INFO 760869 --- [http-nio-8082-exec-2] o.s.web.servlet.DispatcherServlet        : Initializing Servlet 'dispatcherServlet'
2025-07-28T23:16:30.805+05:30  INFO 760869 --- [http-nio-8082-exec-2] o.s.web.servlet.DispatcherServlet        : Completed initialization in 2 ms
2025-07-28T23:16:44.251+05:30 ERROR 760869 --- [http-nio-8082-exec-3] o.a.c.c.C.[.[.[/].[dispatcherServlet]    : Servlet.service() for servlet [dispatcherServlet] in context with path [] threw exception [Request processing failed: org.modelmapper.ConfigurationException: ModelMapper configuration errors:

1) The destination property com.practice.entities.Assets.setUser()/com.practice.entities.User.setAssets() matches multiple source property hierarchies:

	com.practice.dtos.AssetsDto.getUserName()
	com.practice.dtos.AssetsDto.getUserId()

1 error] with root cause

org.modelmapper.ConfigurationException: ModelMapper configuration errors:

1) The destination property com.practice.entities.Assets.setUser()/com.practice.entities.User.setAssets() matches multiple source property hierarchies:

	com.practice.dtos.AssetsDto.getUserName()
	com.practice.dtos.AssetsDto.getUserId()

1 error
	at org.modelmapper.internal.Errors.throwConfigurationExceptionIfErrorsExist(Errors.java:240) ~[modelmapper-3.1.1.jar:na]
	at org.modelmapper.internal.ImplicitMappingBuilder.matchDestination(ImplicitMappingBuilder.java:159) ~[modelmapper-3.1.1.jar:na]
	at org.modelmapper.internal.ImplicitMappingBuilder.matchDestination(ImplicitMappingBuilder.java:152) ~[modelmapper-3.1.1.jar:na]
	at org.modelmapper.internal.ImplicitMappingBuilder.build(ImplicitMappingBuilder.java:90) ~[modelmapper-3.1.1.jar:na]
	at org.modelmapper.internal.ImplicitMappingBuilder.build(ImplicitMappingBuilder.java:75) ~[modelmapper-3.1.1.jar:na]
	at org.modelmapper.internal.TypeMapStore.getOrCreate(TypeMapStore.java:131) ~[modelmapper-3.1.1.jar:na]
	at org.modelmapper.internal.TypeMapStore.getOrCreate(TypeMapStore.java:106) ~[modelmapper-3.1.1.jar:na]
	at org.modelmapper.internal.MappingEngineImpl.map(MappingEngineImpl.java:112) ~[modelmapper-3.1.1.jar:na]
	at org.modelmapper.internal.MappingEngineImpl.map(MappingEngineImpl.java:71) ~[modelmapper-3.1.1.jar:na]
	at org.modelmapper.ModelMapper.mapInternal(ModelMapper.java:589) ~[modelmapper-3.1.1.jar:na]
	at org.modelmapper.ModelMapper.map(ModelMapper.java:422) ~[modelmapper-3.1.1.jar:na]
	at com.practice.services.impl.AssetsServiceImpl.create(AssetsServiceImpl.java:27) ~[classes/:na]
	at com.practice.controllers.AssetsController.create(AssetsController.java:20) ~[classes/:na]
	at java.base/jdk.internal.reflect.NativeMethodAccessorImpl.invoke0(Native Method) ~[na:na]
	at java.base/jdk.internal.reflect.NativeMethodAccessorImpl.invoke(NativeMethodAccessorImpl.java:77) ~[na:na]
	at java.base/jdk.internal.reflect.DelegatingMethodAccessorImpl.invoke(DelegatingMethodAccessorImpl.java:43) ~[na:na]
	at java.base/java.lang.reflect.Method.invoke(Method.java:569) ~[na:na]
	at org.springframework.web.method.support.InvocableHandlerMethod.doInvoke(InvocableHandlerMethod.java:205) ~[spring-web-6.0.11.jar:6.0.11]
	at org.springframework.web.method.support.InvocableHandlerMethod.invokeForRequest(InvocableHandlerMethod.java:150) ~[spring-web-6.0.11.jar:6.0.11]
	at org.springframework.web.servlet.mvc.method.annotation.ServletInvocableHandlerMethod.invokeAndHandle(ServletInvocableHandlerMethod.java:118) ~[spring-webmvc-6.0.11.jar:6.0.11]
	at org.springframework.web.servlet.mvc.method.annotation.RequestMappingHandlerAdapter.invokeHandlerMethod(RequestMappingHandlerAdapter.java:884) ~[spring-webmvc-6.0.11.jar:6.0.11]
	at org.springframework.web.servlet.mvc.method.annotation.RequestMappingHandlerAdapter.handleInternal(RequestMappingHandlerAdapter.java:797) ~[spring-webmvc-6.0.11.jar:6.0.11]
	at org.springframework.web.servlet.mvc.method.AbstractHandlerMethodAdapter.handle(AbstractHandlerMethodAdapter.java:87) ~[spring-webmvc-6.0.11.jar:6.0.11]
	at org.springframework.web.servlet.DispatcherServlet.doDispatch(DispatcherServlet.java:1081) ~[spring-webmvc-6.0.11.jar:6.0.11]
	at org.springframework.web.servlet.DispatcherServlet.doService(DispatcherServlet.java:974) ~[spring-webmvc-6.0.11.jar:6.0.11]
	at org.springframework.web.servlet.FrameworkServlet.processRequest(FrameworkServlet.java:1011) ~[spring-webmvc-6.0.11.jar:6.0.11]
	at org.springframework.web.servlet.FrameworkServlet.doPost(FrameworkServlet.java:914) ~[spring-webmvc-6.0.11.jar:6.0.11]
	at jakarta.servlet.http.HttpServlet.service(HttpServlet.java:590) ~[tomcat-embed-core-10.1.12.jar:6.0]
	at org.springframework.web.servlet.FrameworkServlet.service(FrameworkServlet.java:885) ~[spring-webmvc-6.0.11.jar:6.0.11]
	at jakarta.servlet.http.HttpServlet.service(HttpServlet.java:658) ~[tomcat-embed-core-10.1.12.jar:6.0]
	at org.apache.catalina.core.ApplicationFilterChain.internalDoFilter(ApplicationFilterChain.java:205) ~[tomcat-embed-core-10.1.12.jar:10.1.12]
	at org.apache.catalina.core.ApplicationFilterChain.doFilter(ApplicationFilterChain.java:149) ~[tomcat-embed-core-10.1.12.jar:10.1.12]
	at org.apache.tomcat.websocket.server.WsFilter.doFilter(WsFilter.java:51) ~[tomcat-embed-websocket-10.1.12.jar:10.1.12]
	at org.apache.catalina.core.ApplicationFilterChain.internalDoFilter(ApplicationFilterChain.java:174) ~[tomcat-embed-core-10.1.12.jar:10.1.12]
	at org.apache.catalina.core.ApplicationFilterChain.doFilter(ApplicationFilterChain.java:149) ~[tomcat-embed-core-10.1.12.jar:10.1.12]
	at org.springframework.security.web.FilterChainProxy.lambda$doFilterInternal$3(FilterChainProxy.java:231) ~[spring-security-web-6.1.3.jar:6.1.3]
	at org.springframework.security.web.FilterChainProxy$VirtualFilterChain.doFilter(FilterChainProxy.java:365) ~[spring-security-web-6.1.3.jar:6.1.3]
	at org.springframework.security.web.access.intercept.AuthorizationFilter.doFilter(AuthorizationFilter.java:100) ~[spring-security-web-6.1.3.jar:6.1.3]
	at org.springframework.security.web.FilterChainProxy$VirtualFilterChain.doFilter(FilterChainProxy.java:374) ~[spring-security-web-6.1.3.jar:6.1.3]
	at org.springframework.security.web.access.ExceptionTranslationFilter.doFilter(ExceptionTranslationFilter.java:126) ~[spring-security-web-6.1.3.jar:6.1.3]
	at org.springframework.security.web.access.ExceptionTranslationFilter.doFilter(ExceptionTranslationFilter.java:120) ~[spring-security-web-6.1.3.jar:6.1.3]
	at org.springframework.security.web.FilterChainProxy$VirtualFilterChain.doFilter(FilterChainProxy.java:374) ~[spring-security-web-6.1.3.jar:6.1.3]
	at org.springframework.security.web.authentication.AnonymousAuthenticationFilter.doFilter(AnonymousAuthenticationFilter.java:100) ~[spring-security-web-6.1.3.jar:6.1.3]
	at org.springframework.security.web.FilterChainProxy$VirtualFilterChain.doFilter(FilterChainProxy.java:374) ~[spring-security-web-6.1.3.jar:6.1.3]
	at org.springframework.security.web.servletapi.SecurityContextHolderAwareRequestFilter.doFilter(SecurityContextHolderAwareRequestFilter.java:179) ~[spring-security-web-6.1.3.jar:6.1.3]
	at org.springframework.security.web.FilterChainProxy$VirtualFilterChain.doFilter(FilterChainProxy.java:374) ~[spring-security-web-6.1.3.jar:6.1.3]
	at org.springframework.security.web.savedrequest.RequestCacheAwareFilter.doFilter(RequestCacheAwareFilter.java:63) ~[spring-security-web-6.1.3.jar:6.1.3]
	at org.springframework.security.web.FilterChainProxy$VirtualFilterChain.doFilter(FilterChainProxy.java:374) ~[spring-security-web-6.1.3.jar:6.1.3]
	at org.springframework.security.web.authentication.www.BasicAuthenticationFilter.doFilterInternal(BasicAuthenticationFilter.java:168) ~[spring-security-web-6.1.3.jar:6.1.3]
	at org.springframework.web.filter.OncePerRequestFilter.doFilter(OncePerRequestFilter.java:116) ~[spring-web-6.0.11.jar:6.0.11]
	at org.springframework.security.web.FilterChainProxy$VirtualFilterChain.doFilter(FilterChainProxy.java:374) ~[spring-security-web-6.1.3.jar:6.1.3]
	at org.springframework.security.web.authentication.ui.DefaultLogoutPageGeneratingFilter.doFilterInternal(DefaultLogoutPageGeneratingFilter.java:58) ~[spring-security-web-6.1.3.jar:6.1.3]
	at org.springframework.web.filter.OncePerRequestFilter.doFilter(OncePerRequestFilter.java:116) ~[spring-web-6.0.11.jar:6.0.11]
	at org.springframework.security.web.FilterChainProxy$VirtualFilterChain.doFilter(FilterChainProxy.java:374) ~[spring-security-web-6.1.3.jar:6.1.3]
	at org.springframework.security.web.authentication.ui.DefaultLoginPageGeneratingFilter.doFilter(DefaultLoginPageGeneratingFilter.java:188) ~[spring-security-web-6.1.3.jar:6.1.3]
	at org.springframework.security.web.authentication.ui.DefaultLoginPageGeneratingFilter.doFilter(DefaultLoginPageGeneratingFilter.java:174) ~[spring-security-web-6.1.3.jar:6.1.3]
	at org.springframework.security.web.FilterChainProxy$VirtualFilterChain.doFilter(FilterChainProxy.java:374) ~[spring-security-web-6.1.3.jar:6.1.3]
	at org.springframework.security.web.authentication.AbstractAuthenticationProcessingFilter.doFilter(AbstractAuthenticationProcessingFilter.java:227) ~[spring-security-web-6.1.3.jar:6.1.3]
	at org.springframework.security.web.authentication.AbstractAuthenticationProcessingFilter.doFilter(AbstractAuthenticationProcessingFilter.java:221) ~[spring-security-web-6.1.3.jar:6.1.3]
	at org.springframework.security.web.FilterChainProxy$VirtualFilterChain.doFilter(FilterChainProxy.java:374) ~[spring-security-web-6.1.3.jar:6.1.3]
	at org.springframework.security.web.authentication.logout.LogoutFilter.doFilter(LogoutFilter.java:107) ~[spring-security-web-6.1.3.jar:6.1.3]
	at org.springframework.security.web.authentication.logout.LogoutFilter.doFilter(LogoutFilter.java:93) ~[spring-security-web-6.1.3.jar:6.1.3]
	at org.springframework.security.web.FilterChainProxy$VirtualFilterChain.doFilter(FilterChainProxy.java:374) ~[spring-security-web-6.1.3.jar:6.1.3]
	at org.springframework.security.web.header.HeaderWriterFilter.doHeadersAfter(HeaderWriterFilter.java:90) ~[spring-security-web-6.1.3.jar:6.1.3]
	at org.springframework.security.web.header.HeaderWriterFilter.doFilterInternal(HeaderWriterFilter.java:75) ~[spring-security-web-6.1.3.jar:6.1.3]
	at org.springframework.web.filter.OncePerRequestFilter.doFilter(OncePerRequestFilter.java:116) ~[spring-web-6.0.11.jar:6.0.11]
	at org.springframework.security.web.FilterChainProxy$VirtualFilterChain.doFilter(FilterChainProxy.java:374) ~[spring-security-web-6.1.3.jar:6.1.3]
	at org.springframework.security.web.context.SecurityContextHolderFilter.doFilter(SecurityContextHolderFilter.java:82) ~[spring-security-web-6.1.3.jar:6.1.3]
	at org.springframework.security.web.context.SecurityContextHolderFilter.doFilter(SecurityContextHolderFilter.java:69) ~[spring-security-web-6.1.3.jar:6.1.3]
	at org.springframework.security.web.FilterChainProxy$VirtualFilterChain.doFilter(FilterChainProxy.java:374) ~[spring-security-web-6.1.3.jar:6.1.3]
	at org.springframework.security.web.context.request.async.WebAsyncManagerIntegrationFilter.doFilterInternal(WebAsyncManagerIntegrationFilter.java:62) ~[spring-security-web-6.1.3.jar:6.1.3]
	at org.springframework.web.filter.OncePerRequestFilter.doFilter(OncePerRequestFilter.java:116) ~[spring-web-6.0.11.jar:6.0.11]
	at org.springframework.security.web.FilterChainProxy$VirtualFilterChain.doFilter(FilterChainProxy.java:374) ~[spring-security-web-6.1.3.jar:6.1.3]
	at org.springframework.security.web.session.DisableEncodeUrlFilter.doFilterInternal(DisableEncodeUrlFilter.java:42) ~[spring-security-web-6.1.3.jar:6.1.3]
	at org.springframework.web.filter.OncePerRequestFilter.doFilter(OncePerRequestFilter.java:116) ~[spring-web-6.0.11.jar:6.0.11]
	at org.springframework.security.web.FilterChainProxy$VirtualFilterChain.doFilter(FilterChainProxy.java:374) ~[spring-security-web-6.1.3.jar:6.1.3]
	at org.springframework.security.web.FilterChainProxy.doFilterInternal(FilterChainProxy.java:233) ~[spring-security-web-6.1.3.jar:6.1.3]
	at org.springframework.security.web.FilterChainProxy.doFilter(FilterChainProxy.java:191) ~[spring-security-web-6.1.3.jar:6.1.3]
	at org.springframework.web.filter.DelegatingFilterProxy.invokeDelegate(DelegatingFilterProxy.java:352) ~[spring-web-6.0.11.jar:6.0.11]
	at org.springframework.web.filter.DelegatingFilterProxy.doFilter(DelegatingFilterProxy.java:268) ~[spring-web-6.0.11.jar:6.0.11]
	at org.apache.catalina.core.ApplicationFilterChain.internalDoFilter(ApplicationFilterChain.java:174) ~[tomcat-embed-core-10.1.12.jar:10.1.12]
	at org.apache.catalina.core.ApplicationFilterChain.doFilter(ApplicationFilterChain.java:149) ~[tomcat-embed-core-10.1.12.jar:10.1.12]
	at org.springframework.web.filter.RequestContextFilter.doFilterInternal(RequestContextFilter.java:100) ~[spring-web-6.0.11.jar:6.0.11]
	at org.springframework.web.filter.OncePerRequestFilter.doFilter(OncePerRequestFilter.java:116) ~[spring-web-6.0.11.jar:6.0.11]
	at org.apache.catalina.core.ApplicationFilterChain.internalDoFilter(ApplicationFilterChain.java:174) ~[tomcat-embed-core-10.1.12.jar:10.1.12]
	at org.apache.catalina.core.ApplicationFilterChain.doFilter(ApplicationFilterChain.java:149) ~[tomcat-embed-core-10.1.12.jar:10.1.12]
	at org.springframework.web.filter.FormContentFilter.doFilterInternal(FormContentFilter.java:93) ~[spring-web-6.0.11.jar:6.0.11]
	at org.springframework.web.filter.OncePerRequestFilter.doFilter(OncePerRequestFilter.java:116) ~[spring-web-6.0.11.jar:6.0.11]
	at org.apache.catalina.core.ApplicationFilterChain.internalDoFilter(ApplicationFilterChain.java:174) ~[tomcat-embed-core-10.1.12.jar:10.1.12]
	at org.apache.catalina.core.ApplicationFilterChain.doFilter(ApplicationFilterChain.java:149) ~[tomcat-embed-core-10.1.12.jar:10.1.12]
	at org.springframework.web.filter.CharacterEncodingFilter.doFilterInternal(CharacterEncodingFilter.java:201) ~[spring-web-6.0.11.jar:6.0.11]
	at org.springframework.web.filter.OncePerRequestFilter.doFilter(OncePerRequestFilter.java:116) ~[spring-web-6.0.11.jar:6.0.11]
	at org.apache.catalina.core.ApplicationFilterChain.internalDoFilter(ApplicationFilterChain.java:174) ~[tomcat-embed-core-10.1.12.jar:10.1.12]
	at org.apache.catalina.core.ApplicationFilterChain.doFilter(ApplicationFilterChain.java:149) ~[tomcat-embed-core-10.1.12.jar:10.1.12]
	at org.apache.catalina.core.StandardWrapperValve.invoke(StandardWrapperValve.java:166) ~[tomcat-embed-core-10.1.12.jar:10.1.12]
	at org.apache.catalina.core.StandardContextValve.invoke(StandardContextValve.java:90) ~[tomcat-embed-core-10.1.12.jar:10.1.12]
	at org.apache.catalina.authenticator.AuthenticatorBase.invoke(AuthenticatorBase.java:482) ~[tomcat-embed-core-10.1.12.jar:10.1.12]
	at org.apache.catalina.core.StandardHostValve.invoke(StandardHostValve.java:115) ~[tomcat-embed-core-10.1.12.jar:10.1.12]
	at org.apache.catalina.valves.ErrorReportValve.invoke(ErrorReportValve.java:93) ~[tomcat-embed-core-10.1.12.jar:10.1.12]
	at org.apache.catalina.core.StandardEngineValve.invoke(StandardEngineValve.java:74) ~[tomcat-embed-core-10.1.12.jar:10.1.12]
	at org.apache.catalina.connector.CoyoteAdapter.service(CoyoteAdapter.java:341) ~[tomcat-embed-core-10.1.12.jar:10.1.12]
	at org.apache.coyote.http11.Http11Processor.service(Http11Processor.java:391) ~[tomcat-embed-core-10.1.12.jar:10.1.12]
	at org.apache.coyote.AbstractProcessorLight.process(AbstractProcessorLight.java:63) ~[tomcat-embed-core-10.1.12.jar:10.1.12]
	at org.apache.coyote.AbstractProtocol$ConnectionHandler.process(AbstractProtocol.java:894) ~[tomcat-embed-core-10.1.12.jar:10.1.12]
	at org.apache.tomcat.util.net.NioEndpoint$SocketProcessor.doRun(NioEndpoint.java:1740) ~[tomcat-embed-core-10.1.12.jar:10.1.12]
	at org.apache.tomcat.util.net.SocketProcessorBase.run(SocketProcessorBase.java:52) ~[tomcat-embed-core-10.1.12.jar:10.1.12]
	at org.apache.tomcat.util.threads.ThreadPoolExecutor.runWorker(ThreadPoolExecutor.java:1191) ~[tomcat-embed-core-10.1.12.jar:10.1.12]
	at org.apache.tomcat.util.threads.ThreadPoolExecutor$Worker.run(ThreadPoolExecutor.java:659) ~[tomcat-embed-core-10.1.12.jar:10.1.12]
	at org.apache.tomcat.util.threads.TaskThread$WrappingRunnable.run(TaskThread.java:61) ~[tomcat-embed-core-10.1.12.jar:10.1.12]
	at java.base/java.lang.Thread.run(Thread.java:840) ~[na:na]

2025-07-28T23:18:12.981+05:30  INFO 760869 --- [SpringApplicationShutdownHook] j.LocalContainerEntityManagerFactoryBean : Closing JPA EntityManagerFactory for persistence unit 'default'
2025-07-28T23:18:12.984+05:30  INFO 760869 --- [SpringApplicationShutdownHook] com.zaxxer.hikari.HikariDataSource       : HikariPool-1 - Shutdown initiated...
2025-07-28T23:18:12.996+05:30  INFO 760869 --- [SpringApplicationShutdownHook] com.zaxxer.hikari.HikariDataSource       : HikariPool-1 - Shutdown completed.
2025-07-28T23:18:16.192+05:30  INFO 764155 --- [main] com.practice.SpringPracticeApplication   : Starting SpringPracticeApplication using Java 17.0.15 with PID 764155 (/home/jatin/Desktop/rashindra/backend/spring-practice/target/classes started by jatin in /home/jatin/Desktop/rashindra/backend/spring-practice)
2025-07-28T23:18:16.195+05:30  INFO 764155 --- [main] com.practice.SpringPracticeApplication   : The following 1 profile is active: "dev"
2025-07-28T23:18:17.026+05:30  INFO 764155 --- [main] .s.d.r.c.RepositoryConfigurationDelegate : Bootstrapping Spring Data JPA repositories in DEFAULT mode.
2025-07-28T23:18:17.097+05:30  INFO 764155 --- [main] .s.d.r.c.RepositoryConfigurationDelegate : Finished Spring Data repository scanning in 63 ms. Found 4 JPA repository interfaces.
2025-07-28T23:18:17.680+05:30  INFO 764155 --- [main] o.s.b.w.embedded.tomcat.TomcatWebServer  : Tomcat initialized with port(s): 8082 (http)
2025-07-28T23:18:17.690+05:30  INFO 764155 --- [main] o.apache.catalina.core.StandardService   : Starting service [Tomcat]
2025-07-28T23:18:17.690+05:30  INFO 764155 --- [main] o.apache.catalina.core.StandardEngine    : Starting Servlet engine: [Apache Tomcat/10.1.12]
2025-07-28T23:18:17.783+05:30  INFO 764155 --- [main] o.a.c.c.C.[Tomcat].[localhost].[/]       : Initializing Spring embedded WebApplicationContext
2025-07-28T23:18:17.783+05:30  INFO 764155 --- [main] w.s.c.ServletWebServerApplicationContext : Root WebApplicationContext: initialization completed in 1512 ms
2025-07-28T23:18:17.967+05:30  INFO 764155 --- [main] o.hibernate.jpa.internal.util.LogHelper  : HHH000204: Processing PersistenceUnitInfo [name: default]
2025-07-28T23:18:18.005+05:30  INFO 764155 --- [main] org.hibernate.Version                    : HHH000412: Hibernate ORM core version 6.2.7.Final
2025-07-28T23:18:18.007+05:30  INFO 764155 --- [main] org.hibernate.cfg.Environment            : HHH000406: Using bytecode reflection optimizer
2025-07-28T23:18:18.110+05:30  INFO 764155 --- [main] o.h.b.i.BytecodeProviderInitiator        : HHH000021: Bytecode provider name : bytebuddy
2025-07-28T23:18:18.241+05:30  INFO 764155 --- [main] o.s.o.j.p.SpringPersistenceUnitInfo      : No LoadTimeWeaver setup: ignoring JPA class transformer
2025-07-28T23:18:18.261+05:30  INFO 764155 --- [main] com.zaxxer.hikari.HikariDataSource       : HikariPool-1 - Starting...
2025-07-28T23:18:18.602+05:30  INFO 764155 --- [main] com.zaxxer.hikari.pool.HikariPool        : HikariPool-1 - Added connection com.mysql.cj.jdbc.ConnectionImpl@22b82ddf
2025-07-28T23:18:18.604+05:30  INFO 764155 --- [main] com.zaxxer.hikari.HikariDataSource       : HikariPool-1 - Start completed.
2025-07-28T23:18:18.642+05:30  WARN 764155 --- [main] org.hibernate.orm.deprecation            : HHH90000026: MySQL8Dialect has been deprecated; use org.hibernate.dialect.MySQLDialect instead
2025-07-28T23:18:18.831+05:30  INFO 764155 --- [main] o.h.b.i.BytecodeProviderInitiator        : HHH000021: Bytecode provider name : bytebuddy
2025-07-28T23:18:19.437+05:30  INFO 764155 --- [main] o.h.e.t.j.p.i.JtaPlatformInitiator       : HHH000490: Using JtaPlatform implementation: [org.hibernate.engine.transaction.jta.platform.internal.NoJtaPlatform]
2025-07-28T23:18:19.576+05:30  INFO 764155 --- [main] j.LocalContainerEntityManagerFactoryBean : Initialized JPA EntityManagerFactory for persistence unit 'default'
2025-07-28T23:18:20.167+05:30  WARN 764155 --- [main] JpaBaseConfiguration$JpaWebConfiguration : spring.jpa.open-in-view is enabled by default. Therefore, database queries may be performed during view rendering. Explicitly configure spring.jpa.open-in-view to disable this warning
2025-07-28T23:18:20.271+05:30  INFO 764155 --- [main] o.s.s.web.DefaultSecurityFilterChain     : Will secure any request with [org.springframework.security.web.session.DisableEncodeUrlFilter@293ba26c, org.springframework.security.web.context.request.async.WebAsyncManagerIntegrationFilter@36dc6b9, org.springframework.security.web.context.SecurityContextHolderFilter@1ab717f3, org.springframework.security.web.header.HeaderWriterFilter@7657d29f, org.springframework.security.web.authentication.logout.LogoutFilter@41c83af0, org.springframework.security.web.authentication.UsernamePasswordAuthenticationFilter@b0d4873, org.springframework.security.web.authentication.ui.DefaultLoginPageGeneratingFilter@62878d7c, org.springframework.security.web.authentication.ui.DefaultLogoutPageGeneratingFilter@5cff6d1d, org.springframework.security.web.authentication.www.BasicAuthenticationFilter@315365ef, org.springframework.security.web.savedrequest.RequestCacheAwareFilter@67683210, org.springframework.security.web.servletapi.SecurityContextHolderAwareRequestFilter@38f569d, org.springframework.security.web.authentication.AnonymousAuthenticationFilter@3c981f76, org.springframework.security.web.access.ExceptionTranslationFilter@530bd77b, org.springframework.security.web.access.intercept.AuthorizationFilter@2f98fe6f]
2025-07-28T23:18:20.636+05:30  INFO 764155 --- [main] o.s.b.w.embedded.tomcat.TomcatWebServer  : Tomcat started on port(s): 8082 (http) with context path ''
2025-07-28T23:18:20.647+05:30  INFO 764155 --- [main] com.practice.SpringPracticeApplication   : Started SpringPracticeApplication in 5.03 seconds (process running for 5.436)
2025-07-28T23:18:27.581+05:30  INFO 764155 --- [http-nio-8082-exec-1] o.a.c.c.C.[Tomcat].[localhost].[/]       : Initializing Spring DispatcherServlet 'dispatcherServlet'
2025-07-28T23:18:27.582+05:30  INFO 764155 --- [http-nio-8082-exec-1] o.s.web.servlet.DispatcherServlet        : Initializing Servlet 'dispatcherServlet'
2025-07-28T23:18:27.584+05:30  INFO 764155 --- [http-nio-8082-exec-1] o.s.web.servlet.DispatcherServlet        : Completed initialization in 2 ms
2025-07-28T23:28:04.036+05:30  INFO 764155 --- [SpringApplicationShutdownHook] j.LocalContainerEntityManagerFactoryBean : Closing JPA EntityManagerFactory for persistence unit 'default'
2025-07-28T23:28:04.038+05:30  INFO 764155 --- [SpringApplicationShutdownHook] com.zaxxer.hikari.HikariDataSource       : HikariPool-1 - Shutdown initiated...
2025-07-28T23:28:04.049+05:30  INFO 764155 --- [SpringApplicationShutdownHook] com.zaxxer.hikari.HikariDataSource       : HikariPool-1 - Shutdown completed.
2025-07-28T23:28:07.558+05:30  INFO 772060 --- [main] com.practice.SpringPracticeApplication   : Starting SpringPracticeApplication using Java 17.0.15 with PID 772060 (/home/jatin/Desktop/rashindra/backend/spring-practice/target/classes started by jatin in /home/jatin/Desktop/rashindra/backend/spring-practice)
2025-07-28T23:28:07.561+05:30  INFO 772060 --- [main] com.practice.SpringPracticeApplication   : The following 1 profile is active: "dev"
2025-07-28T23:28:08.360+05:30  INFO 772060 --- [main] .s.d.r.c.RepositoryConfigurationDelegate : Bootstrapping Spring Data JPA repositories in DEFAULT mode.
2025-07-28T23:28:08.449+05:30  INFO 772060 --- [main] .s.d.r.c.RepositoryConfigurationDelegate : Finished Spring Data repository scanning in 79 ms. Found 4 JPA repository interfaces.
2025-07-28T23:28:09.044+05:30  INFO 772060 --- [main] o.s.b.w.embedded.tomcat.TomcatWebServer  : Tomcat initialized with port(s): 8082 (http)
2025-07-28T23:28:09.054+05:30  INFO 772060 --- [main] o.apache.catalina.core.StandardService   : Starting service [Tomcat]
2025-07-28T23:28:09.054+05:30  INFO 772060 --- [main] o.apache.catalina.core.StandardEngine    : Starting Servlet engine: [Apache Tomcat/10.1.12]
2025-07-28T23:28:09.143+05:30  INFO 772060 --- [main] o.a.c.c.C.[Tomcat].[localhost].[/]       : Initializing Spring embedded WebApplicationContext
2025-07-28T23:28:09.143+05:30  INFO 772060 --- [main] w.s.c.ServletWebServerApplicationContext : Root WebApplicationContext: initialization completed in 1520 ms
2025-07-28T23:28:09.312+05:30  INFO 772060 --- [main] o.hibernate.jpa.internal.util.LogHelper  : HHH000204: Processing PersistenceUnitInfo [name: default]
2025-07-28T23:28:09.352+05:30  INFO 772060 --- [main] org.hibernate.Version                    : HHH000412: Hibernate ORM core version 6.2.7.Final
2025-07-28T23:28:09.354+05:30  INFO 772060 --- [main] org.hibernate.cfg.Environment            : HHH000406: Using bytecode reflection optimizer
2025-07-28T23:28:09.457+05:30  INFO 772060 --- [main] o.h.b.i.BytecodeProviderInitiator        : HHH000021: Bytecode provider name : bytebuddy
2025-07-28T23:28:09.586+05:30  INFO 772060 --- [main] o.s.o.j.p.SpringPersistenceUnitInfo      : No LoadTimeWeaver setup: ignoring JPA class transformer
2025-07-28T23:28:09.603+05:30  INFO 772060 --- [main] com.zaxxer.hikari.HikariDataSource       : HikariPool-1 - Starting...
2025-07-28T23:28:09.985+05:30  INFO 772060 --- [main] com.zaxxer.hikari.pool.HikariPool        : HikariPool-1 - Added connection com.mysql.cj.jdbc.ConnectionImpl@19105a87
2025-07-28T23:28:09.988+05:30  INFO 772060 --- [main] com.zaxxer.hikari.HikariDataSource       : HikariPool-1 - Start completed.
2025-07-28T23:28:10.040+05:30  WARN 772060 --- [main] org.hibernate.orm.deprecation            : HHH90000026: MySQL8Dialect has been deprecated; use org.hibernate.dialect.MySQLDialect instead
2025-07-28T23:28:10.281+05:30  INFO 772060 --- [main] o.h.b.i.BytecodeProviderInitiator        : HHH000021: Bytecode provider name : bytebuddy
2025-07-28T23:28:11.051+05:30  INFO 772060 --- [main] o.h.e.t.j.p.i.JtaPlatformInitiator       : HHH000490: Using JtaPlatform implementation: [org.hibernate.engine.transaction.jta.platform.internal.NoJtaPlatform]
2025-07-28T23:28:11.150+05:30  INFO 772060 --- [main] j.LocalContainerEntityManagerFactoryBean : Initialized JPA EntityManagerFactory for persistence unit 'default'
2025-07-28T23:28:11.748+05:30  WARN 772060 --- [main] JpaBaseConfiguration$JpaWebConfiguration : spring.jpa.open-in-view is enabled by default. Therefore, database queries may be performed during view rendering. Explicitly configure spring.jpa.open-in-view to disable this warning
2025-07-28T23:28:11.907+05:30  INFO 772060 --- [main] o.s.s.web.DefaultSecurityFilterChain     : Will secure any request with [org.springframework.security.web.session.DisableEncodeUrlFilter@68838767, org.springframework.security.web.context.request.async.WebAsyncManagerIntegrationFilter@315365ef, org.springframework.security.web.context.SecurityContextHolderFilter@58a9e64d, org.springframework.security.web.header.HeaderWriterFilter@63a9af28, org.springframework.security.web.authentication.logout.LogoutFilter@5570ee6d, org.springframework.security.web.authentication.UsernamePasswordAuthenticationFilter@17e66aed, org.springframework.security.web.authentication.ui.DefaultLoginPageGeneratingFilter@6464f017, org.springframework.security.web.authentication.ui.DefaultLogoutPageGeneratingFilter@1f381eaf, org.springframework.security.web.authentication.www.BasicAuthenticationFilter@9ba167e, org.springframework.security.web.savedrequest.RequestCacheAwareFilter@6ace3, org.springframework.security.web.servletapi.SecurityContextHolderAwareRequestFilter@67683210, org.springframework.security.web.authentication.AnonymousAuthenticationFilter@5df7ae0a, org.springframework.security.web.access.ExceptionTranslationFilter@44a0e68f, org.springframework.security.web.access.intercept.AuthorizationFilter@5b53c3c5]
2025-07-28T23:28:12.314+05:30  INFO 772060 --- [main] o.s.b.w.embedded.tomcat.TomcatWebServer  : Tomcat started on port(s): 8082 (http) with context path ''
2025-07-28T23:28:12.326+05:30  INFO 772060 --- [main] com.practice.SpringPracticeApplication   : Started SpringPracticeApplication in 5.259 seconds (process running for 5.637)
2025-07-28T23:28:20.629+05:30  INFO 772060 --- [http-nio-8082-exec-2] o.a.c.c.C.[Tomcat].[localhost].[/]       : Initializing Spring DispatcherServlet 'dispatcherServlet'
2025-07-28T23:28:20.630+05:30  INFO 772060 --- [http-nio-8082-exec-2] o.s.web.servlet.DispatcherServlet        : Initializing Servlet 'dispatcherServlet'
2025-07-28T23:28:20.631+05:30  INFO 772060 --- [http-nio-8082-exec-2] o.s.web.servlet.DispatcherServlet        : Completed initialization in 1 ms
2025-07-28T23:30:12.441+05:30  INFO 772060 --- [SpringApplicationShutdownHook] j.LocalContainerEntityManagerFactoryBean : Closing JPA EntityManagerFactory for persistence unit 'default'
2025-07-28T23:30:12.444+05:30  INFO 772060 --- [SpringApplicationShutdownHook] com.zaxxer.hikari.HikariDataSource       : HikariPool-1 - Shutdown initiated...
2025-07-28T23:30:12.456+05:30  INFO 772060 --- [SpringApplicationShutdownHook] com.zaxxer.hikari.HikariDataSource       : HikariPool-1 - Shutdown completed.
2025-07-28T23:30:15.690+05:30  INFO 773827 --- [main] com.practice.SpringPracticeApplication   : Starting SpringPracticeApplication using Java 17.0.15 with PID 773827 (/home/jatin/Desktop/rashindra/backend/spring-practice/target/classes started by jatin in /home/jatin/Desktop/rashindra/backend/spring-practice)
2025-07-28T23:30:15.693+05:30  INFO 773827 --- [main] com.practice.SpringPracticeApplication   : The following 1 profile is active: "dev"
2025-07-28T23:30:16.768+05:30  INFO 773827 --- [main] .s.d.r.c.RepositoryConfigurationDelegate : Bootstrapping Spring Data JPA repositories in DEFAULT mode.
2025-07-28T23:30:16.877+05:30  INFO 773827 --- [main] .s.d.r.c.RepositoryConfigurationDelegate : Finished Spring Data repository scanning in 95 ms. Found 4 JPA repository interfaces.
2025-07-28T23:30:17.574+05:30  INFO 773827 --- [main] o.s.b.w.embedded.tomcat.TomcatWebServer  : Tomcat initialized with port(s): 8082 (http)
2025-07-28T23:30:17.586+05:30  INFO 773827 --- [main] o.apache.catalina.core.StandardService   : Starting service [Tomcat]
2025-07-28T23:30:17.586+05:30  INFO 773827 --- [main] o.apache.catalina.core.StandardEngine    : Starting Servlet engine: [Apache Tomcat/10.1.12]
2025-07-28T23:30:17.685+05:30  INFO 773827 --- [main] o.a.c.c.C.[Tomcat].[localhost].[/]       : Initializing Spring embedded WebApplicationContext
2025-07-28T23:30:17.685+05:30  INFO 773827 --- [main] w.s.c.ServletWebServerApplicationContext : Root WebApplicationContext: initialization completed in 1918 ms
2025-07-28T23:30:17.877+05:30  INFO 773827 --- [main] o.hibernate.jpa.internal.util.LogHelper  : HHH000204: Processing PersistenceUnitInfo [name: default]
2025-07-28T23:30:17.924+05:30  INFO 773827 --- [main] org.hibernate.Version                    : HHH000412: Hibernate ORM core version 6.2.7.Final
2025-07-28T23:30:17.926+05:30  INFO 773827 --- [main] org.hibernate.cfg.Environment            : HHH000406: Using bytecode reflection optimizer
2025-07-28T23:30:18.023+05:30  INFO 773827 --- [main] o.h.b.i.BytecodeProviderInitiator        : HHH000021: Bytecode provider name : bytebuddy
2025-07-28T23:30:18.143+05:30  INFO 773827 --- [main] o.s.o.j.p.SpringPersistenceUnitInfo      : No LoadTimeWeaver setup: ignoring JPA class transformer
2025-07-28T23:30:18.163+05:30  INFO 773827 --- [main] com.zaxxer.hikari.HikariDataSource       : HikariPool-1 - Starting...
2025-07-28T23:30:18.453+05:30  INFO 773827 --- [main] com.zaxxer.hikari.pool.HikariPool        : HikariPool-1 - Added connection com.mysql.cj.jdbc.ConnectionImpl@28bf82d9
2025-07-28T23:30:18.456+05:30  INFO 773827 --- [main] com.zaxxer.hikari.HikariDataSource       : HikariPool-1 - Start completed.
2025-07-28T23:30:18.502+05:30  WARN 773827 --- [main] org.hibernate.orm.deprecation            : HHH90000026: MySQL8Dialect has been deprecated; use org.hibernate.dialect.MySQLDialect instead
2025-07-28T23:30:18.723+05:30  INFO 773827 --- [main] o.h.b.i.BytecodeProviderInitiator        : HHH000021: Bytecode provider name : bytebuddy
2025-07-28T23:30:19.362+05:30  INFO 773827 --- [main] o.h.e.t.j.p.i.JtaPlatformInitiator       : HHH000490: Using JtaPlatform implementation: [org.hibernate.engine.transaction.jta.platform.internal.NoJtaPlatform]
2025-07-28T23:30:19.477+05:30  INFO 773827 --- [main] j.LocalContainerEntityManagerFactoryBean : Initialized JPA EntityManagerFactory for persistence unit 'default'
2025-07-28T23:30:19.988+05:30  WARN 773827 --- [main] JpaBaseConfiguration$JpaWebConfiguration : spring.jpa.open-in-view is enabled by default. Therefore, database queries may be performed during view rendering. Explicitly configure spring.jpa.open-in-view to disable this warning
2025-07-28T23:30:20.096+05:30  INFO 773827 --- [main] o.s.s.web.DefaultSecurityFilterChain     : Will secure any request with [org.springframework.security.web.session.DisableEncodeUrlFilter@3c981f76, org.springframework.security.web.context.request.async.WebAsyncManagerIntegrationFilter@4844e24b, org.springframework.security.web.context.SecurityContextHolderFilter@329aa2d1, org.springframework.security.web.header.HeaderWriterFilter@1ab717f3, org.springframework.security.web.authentication.logout.LogoutFilter@3ec98000, org.springframework.security.web.authentication.UsernamePasswordAuthenticationFilter@7833407, org.springframework.security.web.authentication.ui.DefaultLoginPageGeneratingFilter@2e27325d, org.springframework.security.web.authentication.ui.DefaultLogoutPageGeneratingFilter@2571bdf4, org.springframework.security.web.authentication.www.BasicAuthenticationFilter@293ba26c, org.springframework.security.web.savedrequest.RequestCacheAwareFilter@25511895, org.springframework.security.web.servletapi.SecurityContextHolderAwareRequestFilter@5862ab28, org.springframework.security.web.authentication.AnonymousAuthenticationFilter@241abc2, org.springframework.security.web.access.ExceptionTranslationFilter@6ace3, org.springframework.security.web.access.intercept.AuthorizationFilter@6f00c40e]
2025-07-28T23:30:20.433+05:30  INFO 773827 --- [main] o.s.b.w.embedded.tomcat.TomcatWebServer  : Tomcat started on port(s): 8082 (http) with context path ''
2025-07-28T23:30:20.443+05:30  INFO 773827 --- [main] com.practice.SpringPracticeApplication   : Started SpringPracticeApplication in 5.292 seconds (process running for 5.705)
2025-07-28T23:30:32.141+05:30  INFO 773827 --- [http-nio-8082-exec-1] o.a.c.c.C.[Tomcat].[localhost].[/]       : Initializing Spring DispatcherServlet 'dispatcherServlet'
2025-07-28T23:30:32.142+05:30  INFO 773827 --- [http-nio-8082-exec-1] o.s.web.servlet.DispatcherServlet        : Initializing Servlet 'dispatcherServlet'
2025-07-28T23:30:32.144+05:30  INFO 773827 --- [http-nio-8082-exec-1] o.s.web.servlet.DispatcherServlet        : Completed initialization in 1 ms
2025-07-28T23:38:04.636+05:30  INFO 773827 --- [SpringApplicationShutdownHook] j.LocalContainerEntityManagerFactoryBean : Closing JPA EntityManagerFactory for persistence unit 'default'
2025-07-28T23:38:04.640+05:30  INFO 773827 --- [SpringApplicationShutdownHook] com.zaxxer.hikari.HikariDataSource       : HikariPool-1 - Shutdown initiated...
2025-07-28T23:38:04.650+05:30  INFO 773827 --- [SpringApplicationShutdownHook] com.zaxxer.hikari.HikariDataSource       : HikariPool-1 - Shutdown completed.
2025-07-28T23:38:08.142+05:30  INFO 779887 --- [main] com.practice.SpringPracticeApplication   : Starting SpringPracticeApplication using Java 17.0.15 with PID 779887 (/home/jatin/Desktop/rashindra/backend/spring-practice/target/classes started by jatin in /home/jatin/Desktop/rashindra/backend/spring-practice)
2025-07-28T23:38:08.145+05:30  INFO 779887 --- [main] com.practice.SpringPracticeApplication   : The following 1 profile is active: "dev"
2025-07-28T23:38:08.935+05:30  INFO 779887 --- [main] .s.d.r.c.RepositoryConfigurationDelegate : Bootstrapping Spring Data JPA repositories in DEFAULT mode.
2025-07-28T23:38:09.007+05:30  INFO 779887 --- [main] .s.d.r.c.RepositoryConfigurationDelegate : Finished Spring Data repository scanning in 65 ms. Found 4 JPA repository interfaces.
2025-07-28T23:38:09.657+05:30  INFO 779887 --- [main] o.s.b.w.embedded.tomcat.TomcatWebServer  : Tomcat initialized with port(s): 8082 (http)
2025-07-28T23:38:09.669+05:30  INFO 779887 --- [main] o.apache.catalina.core.StandardService   : Starting service [Tomcat]
2025-07-28T23:38:09.669+05:30  INFO 779887 --- [main] o.apache.catalina.core.StandardEngine    : Starting Servlet engine: [Apache Tomcat/10.1.12]
2025-07-28T23:38:09.763+05:30  INFO 779887 --- [main] o.a.c.c.C.[Tomcat].[localhost].[/]       : Initializing Spring embedded WebApplicationContext
2025-07-28T23:38:09.763+05:30  INFO 779887 --- [main] w.s.c.ServletWebServerApplicationContext : Root WebApplicationContext: initialization completed in 1555 ms
2025-07-28T23:38:09.952+05:30  INFO 779887 --- [main] o.hibernate.jpa.internal.util.LogHelper  : HHH000204: Processing PersistenceUnitInfo [name: default]
2025-07-28T23:38:10.002+05:30  INFO 779887 --- [main] org.hibernate.Version                    : HHH000412: Hibernate ORM core version 6.2.7.Final
2025-07-28T23:38:10.005+05:30  INFO 779887 --- [main] org.hibernate.cfg.Environment            : HHH000406: Using bytecode reflection optimizer
2025-07-28T23:38:10.152+05:30  INFO 779887 --- [main] o.h.b.i.BytecodeProviderInitiator        : HHH000021: Bytecode provider name : bytebuddy
2025-07-28T23:38:10.282+05:30  INFO 779887 --- [main] o.s.o.j.p.SpringPersistenceUnitInfo      : No LoadTimeWeaver setup: ignoring JPA class transformer
2025-07-28T23:38:10.296+05:30  INFO 779887 --- [main] com.zaxxer.hikari.HikariDataSource       : HikariPool-1 - Starting...
2025-07-28T23:38:10.603+05:30  INFO 779887 --- [main] com.zaxxer.hikari.pool.HikariPool        : HikariPool-1 - Added connection com.mysql.cj.jdbc.ConnectionImpl@5be51aa
2025-07-28T23:38:10.605+05:30  INFO 779887 --- [main] com.zaxxer.hikari.HikariDataSource       : HikariPool-1 - Start completed.
2025-07-28T23:38:10.652+05:30  WARN 779887 --- [main] org.hibernate.orm.deprecation            : HHH90000026: MySQL8Dialect has been deprecated; use org.hibernate.dialect.MySQLDialect instead
2025-07-28T23:38:10.851+05:30  INFO 779887 --- [main] o.h.b.i.BytecodeProviderInitiator        : HHH000021: Bytecode provider name : bytebuddy
2025-07-28T23:38:11.433+05:30  INFO 779887 --- [main] o.h.e.t.j.p.i.JtaPlatformInitiator       : HHH000490: Using JtaPlatform implementation: [org.hibernate.engine.transaction.jta.platform.internal.NoJtaPlatform]
2025-07-28T23:38:11.539+05:30  INFO 779887 --- [main] j.LocalContainerEntityManagerFactoryBean : Initialized JPA EntityManagerFactory for persistence unit 'default'
2025-07-28T23:38:12.019+05:30  WARN 779887 --- [main] JpaBaseConfiguration$JpaWebConfiguration : spring.jpa.open-in-view is enabled by default. Therefore, database queries may be performed during view rendering. Explicitly configure spring.jpa.open-in-view to disable this warning
2025-07-28T23:38:12.138+05:30  INFO 779887 --- [main] o.s.s.web.DefaultSecurityFilterChain     : Will secure any request with [org.springframework.security.web.session.DisableEncodeUrlFilter@7d0312a, org.springframework.security.web.context.request.async.WebAsyncManagerIntegrationFilter@6f00c40e, org.springframework.security.web.context.SecurityContextHolderFilter@e638553, org.springframework.security.web.header.HeaderWriterFilter@1e5190bd, org.springframework.security.web.authentication.logout.LogoutFilter@bddac1c, org.springframework.security.web.authentication.UsernamePasswordAuthenticationFilter@594fcb22, org.springframework.security.web.authentication.ui.DefaultLoginPageGeneratingFilter@d3b0397, org.springframework.security.web.authentication.ui.DefaultLogoutPageGeneratingFilter@7833407, org.springframework.security.web.authentication.www.BasicAuthenticationFilter@6a905513, org.springframework.security.web.savedrequest.RequestCacheAwareFilter@75d0cac6, org.springframework.security.web.servletapi.SecurityContextHolderAwareRequestFilter@105cdf61, org.springframework.security.web.authentication.AnonymousAuthenticationFilter@66acaa54, org.springframework.security.web.access.ExceptionTranslationFilter@49bc1f6c, org.springframework.security.web.access.intercept.AuthorizationFilter@7e2f16bd]
2025-07-28T23:38:12.526+05:30  INFO 779887 --- [main] o.s.b.w.embedded.tomcat.TomcatWebServer  : Tomcat started on port(s): 8082 (http) with context path ''
2025-07-28T23:38:12.547+05:30  INFO 779887 --- [main] com.practice.SpringPracticeApplication   : Started SpringPracticeApplication in 4.958 seconds (process running for 5.346)
2025-07-28T23:38:33.433+05:30  INFO 779887 --- [http-nio-8082-exec-2] o.a.c.c.C.[Tomcat].[localhost].[/]       : Initializing Spring DispatcherServlet 'dispatcherServlet'
2025-07-28T23:38:33.434+05:30  INFO 779887 --- [http-nio-8082-exec-2] o.s.web.servlet.DispatcherServlet        : Initializing Servlet 'dispatcherServlet'
2025-07-28T23:38:33.437+05:30  INFO 779887 --- [http-nio-8082-exec-2] o.s.web.servlet.DispatcherServlet        : Completed initialization in 2 ms
2025-07-28T23:40:09.791+05:30  INFO 779887 --- [SpringApplicationShutdownHook] j.LocalContainerEntityManagerFactoryBean : Closing JPA EntityManagerFactory for persistence unit 'default'
2025-07-28T23:40:09.793+05:30  INFO 779887 --- [SpringApplicationShutdownHook] com.zaxxer.hikari.HikariDataSource       : HikariPool-1 - Shutdown initiated...
2025-07-28T23:40:09.802+05:30  INFO 779887 --- [SpringApplicationShutdownHook] com.zaxxer.hikari.HikariDataSource       : HikariPool-1 - Shutdown completed.
2025-07-28T23:40:11.672+05:30  INFO 781575 --- [main] com.practice.SpringPracticeApplication   : Starting SpringPracticeApplication using Java 17.0.15 with PID 781575 (/home/jatin/Desktop/rashindra/backend/spring-practice/target/classes started by jatin in /home/jatin/Desktop/rashindra/backend/spring-practice)
2025-07-28T23:40:11.675+05:30  INFO 781575 --- [main] com.practice.SpringPracticeApplication   : The following 1 profile is active: "dev"
2025-07-28T23:40:12.532+05:30  INFO 781575 --- [main] .s.d.r.c.RepositoryConfigurationDelegate : Bootstrapping Spring Data JPA repositories in DEFAULT mode.
2025-07-28T23:40:12.613+05:30  INFO 781575 --- [main] .s.d.r.c.RepositoryConfigurationDelegate : Finished Spring Data repository scanning in 73 ms. Found 4 JPA repository interfaces.
2025-07-28T23:40:13.379+05:30  INFO 781575 --- [main] o.s.b.w.embedded.tomcat.TomcatWebServer  : Tomcat initialized with port(s): 8082 (http)
2025-07-28T23:40:13.393+05:30  INFO 781575 --- [main] o.apache.catalina.core.StandardService   : Starting service [Tomcat]
2025-07-28T23:40:13.393+05:30  INFO 781575 --- [main] o.apache.catalina.core.StandardEngine    : Starting Servlet engine: [Apache Tomcat/10.1.12]
2025-07-28T23:40:13.518+05:30  INFO 781575 --- [main] o.a.c.c.C.[Tomcat].[localhost].[/]       : Initializing Spring embedded WebApplicationContext
2025-07-28T23:40:13.519+05:30  INFO 781575 --- [main] w.s.c.ServletWebServerApplicationContext : Root WebApplicationContext: initialization completed in 1765 ms
2025-07-28T23:40:13.724+05:30  INFO 781575 --- [main] o.hibernate.jpa.internal.util.LogHelper  : HHH000204: Processing PersistenceUnitInfo [name: default]
2025-07-28T23:40:13.764+05:30  INFO 781575 --- [main] org.hibernate.Version                    : HHH000412: Hibernate ORM core version 6.2.7.Final
2025-07-28T23:40:13.767+05:30  INFO 781575 --- [main] org.hibernate.cfg.Environment            : HHH000406: Using bytecode reflection optimizer
2025-07-28T23:40:13.881+05:30  INFO 781575 --- [main] o.h.b.i.BytecodeProviderInitiator        : HHH000021: Bytecode provider name : bytebuddy
2025-07-28T23:40:14.045+05:30  INFO 781575 --- [main] o.s.o.j.p.SpringPersistenceUnitInfo      : No LoadTimeWeaver setup: ignoring JPA class transformer
2025-07-28T23:40:14.066+05:30  INFO 781575 --- [main] com.zaxxer.hikari.HikariDataSource       : HikariPool-1 - Starting...
2025-07-28T23:40:14.552+05:30  INFO 781575 --- [main] com.zaxxer.hikari.pool.HikariPool        : HikariPool-1 - Added connection com.mysql.cj.jdbc.ConnectionImpl@83b0d0f
2025-07-28T23:40:14.554+05:30  INFO 781575 --- [main] com.zaxxer.hikari.HikariDataSource       : HikariPool-1 - Start completed.
2025-07-28T23:40:14.596+05:30  WARN 781575 --- [main] org.hibernate.orm.deprecation            : HHH90000026: MySQL8Dialect has been deprecated; use org.hibernate.dialect.MySQLDialect instead
2025-07-28T23:40:14.877+05:30  INFO 781575 --- [main] o.h.b.i.BytecodeProviderInitiator        : HHH000021: Bytecode provider name : bytebuddy
2025-07-28T23:40:15.654+05:30  INFO 781575 --- [main] o.h.e.t.j.p.i.JtaPlatformInitiator       : HHH000490: Using JtaPlatform implementation: [org.hibernate.engine.transaction.jta.platform.internal.NoJtaPlatform]
2025-07-28T23:40:15.735+05:30  INFO 781575 --- [main] j.LocalContainerEntityManagerFactoryBean : Initialized JPA EntityManagerFactory for persistence unit 'default'
2025-07-28T23:40:16.180+05:30  WARN 781575 --- [main] JpaBaseConfiguration$JpaWebConfiguration : spring.jpa.open-in-view is enabled by default. Therefore, database queries may be performed during view rendering. Explicitly configure spring.jpa.open-in-view to disable this warning
2025-07-28T23:40:16.320+05:30  INFO 781575 --- [main] o.s.s.web.DefaultSecurityFilterChain     : Will secure any request with [org.springframework.security.web.session.DisableEncodeUrlFilter@1f381eaf, org.springframework.security.web.context.request.async.WebAsyncManagerIntegrationFilter@5df7ae0a, org.springframework.security.web.context.SecurityContextHolderFilter@6ace3, org.springframework.security.web.header.HeaderWriterFilter@530bd77b, org.springframework.security.web.authentication.logout.LogoutFilter@594fcb22, org.springframework.security.web.authentication.UsernamePasswordAuthenticationFilter@6a905513, org.springframework.security.web.authentication.ui.DefaultLoginPageGeneratingFilter@5862ab28, org.springframework.security.web.authentication.ui.DefaultLogoutPageGeneratingFilter@293ba26c, org.springframework.security.web.authentication.www.BasicAuthenticationFilter@147aceec, org.springframework.security.web.savedrequest.RequestCacheAwareFilter@1ab717f3, org.springframework.security.web.servletapi.SecurityContextHolderAwareRequestFilter@103033fe, org.springframework.security.web.authentication.AnonymousAuthenticationFilter@36dc6b9, org.springframework.security.web.access.ExceptionTranslationFilter@63a9af28, org.springframework.security.web.access.intercept.AuthorizationFilter@65dd2191]
2025-07-28T23:40:16.752+05:30  INFO 781575 --- [main] o.s.b.w.embedded.tomcat.TomcatWebServer  : Tomcat started on port(s): 8082 (http) with context path ''
2025-07-28T23:40:16.765+05:30  INFO 781575 --- [main] com.practice.SpringPracticeApplication   : Started SpringPracticeApplication in 5.645 seconds (process running for 6.097)
2025-07-28T23:40:20.341+05:30  INFO 781575 --- [http-nio-8082-exec-2] o.a.c.c.C.[Tomcat].[localhost].[/]       : Initializing Spring DispatcherServlet 'dispatcherServlet'
2025-07-28T23:40:20.341+05:30  INFO 781575 --- [http-nio-8082-exec-2] o.s.web.servlet.DispatcherServlet        : Initializing Servlet 'dispatcherServlet'
2025-07-28T23:40:20.342+05:30  INFO 781575 --- [http-nio-8082-exec-2] o.s.web.servlet.DispatcherServlet        : Completed initialization in 1 ms
2025-07-28T23:40:54.521+05:30  INFO 781575 --- [SpringApplicationShutdownHook] j.LocalContainerEntityManagerFactoryBean : Closing JPA EntityManagerFactory for persistence unit 'default'
2025-07-28T23:40:54.526+05:30  INFO 781575 --- [SpringApplicationShutdownHook] com.zaxxer.hikari.HikariDataSource       : HikariPool-1 - Shutdown initiated...
2025-07-28T23:40:54.535+05:30  INFO 781575 --- [SpringApplicationShutdownHook] com.zaxxer.hikari.HikariDataSource       : HikariPool-1 - Shutdown completed.
2025-07-28T23:40:57.601+05:30  INFO 782246 --- [main] com.practice.SpringPracticeApplication   : Starting SpringPracticeApplication using Java 17.0.15 with PID 782246 (/home/jatin/Desktop/rashindra/backend/spring-practice/target/classes started by jatin in /home/jatin/Desktop/rashindra/backend/spring-practice)
2025-07-28T23:40:57.606+05:30  INFO 782246 --- [main] com.practice.SpringPracticeApplication   : The following 1 profile is active: "dev"
2025-07-28T23:40:58.585+05:30  INFO 782246 --- [main] .s.d.r.c.RepositoryConfigurationDelegate : Bootstrapping Spring Data JPA repositories in DEFAULT mode.
2025-07-28T23:40:58.704+05:30  INFO 782246 --- [main] .s.d.r.c.RepositoryConfigurationDelegate : Finished Spring Data repository scanning in 107 ms. Found 4 JPA repository interfaces.
2025-07-28T23:40:59.738+05:30  INFO 782246 --- [main] o.s.b.w.embedded.tomcat.TomcatWebServer  : Tomcat initialized with port(s): 8082 (http)
2025-07-28T23:40:59.751+05:30  INFO 782246 --- [main] o.apache.catalina.core.StandardService   : Starting service [Tomcat]
2025-07-28T23:40:59.752+05:30  INFO 782246 --- [main] o.apache.catalina.core.StandardEngine    : Starting Servlet engine: [Apache Tomcat/10.1.12]
2025-07-28T23:40:59.902+05:30  INFO 782246 --- [main] o.a.c.c.C.[Tomcat].[localhost].[/]       : Initializing Spring embedded WebApplicationContext
2025-07-28T23:40:59.903+05:30  INFO 782246 --- [main] w.s.c.ServletWebServerApplicationContext : Root WebApplicationContext: initialization completed in 2213 ms
2025-07-28T23:41:00.151+05:30  INFO 782246 --- [main] o.hibernate.jpa.internal.util.LogHelper  : HHH000204: Processing PersistenceUnitInfo [name: default]
2025-07-28T23:41:00.210+05:30  INFO 782246 --- [main] org.hibernate.Version                    : HHH000412: Hibernate ORM core version 6.2.7.Final
2025-07-28T23:41:00.213+05:30  INFO 782246 --- [main] org.hibernate.cfg.Environment            : HHH000406: Using bytecode reflection optimizer
2025-07-28T23:41:00.372+05:30  INFO 782246 --- [main] o.h.b.i.BytecodeProviderInitiator        : HHH000021: Bytecode provider name : bytebuddy
2025-07-28T23:41:00.513+05:30  INFO 782246 --- [main] o.s.o.j.p.SpringPersistenceUnitInfo      : No LoadTimeWeaver setup: ignoring JPA class transformer
2025-07-28T23:41:00.531+05:30  INFO 782246 --- [main] com.zaxxer.hikari.HikariDataSource       : HikariPool-1 - Starting...
2025-07-28T23:41:00.965+05:30  INFO 782246 --- [main] com.zaxxer.hikari.pool.HikariPool        : HikariPool-1 - Added connection com.mysql.cj.jdbc.ConnectionImpl@4def42c3
2025-07-28T23:41:00.968+05:30  INFO 782246 --- [main] com.zaxxer.hikari.HikariDataSource       : HikariPool-1 - Start completed.
2025-07-28T23:41:01.029+05:30  WARN 782246 --- [main] org.hibernate.orm.deprecation            : HHH90000026: MySQL8Dialect has been deprecated; use org.hibernate.dialect.MySQLDialect instead
2025-07-28T23:41:01.317+05:30  INFO 782246 --- [main] o.h.b.i.BytecodeProviderInitiator        : HHH000021: Bytecode provider name : bytebuddy
2025-07-28T23:41:02.178+05:30  INFO 782246 --- [main] o.h.e.t.j.p.i.JtaPlatformInitiator       : HHH000490: Using JtaPlatform implementation: [org.hibernate.engine.transaction.jta.platform.internal.NoJtaPlatform]
2025-07-28T23:41:02.293+05:30  INFO 782246 --- [main] j.LocalContainerEntityManagerFactoryBean : Initialized JPA EntityManagerFactory for persistence unit 'default'
2025-07-28T23:41:03.075+05:30  WARN 782246 --- [main] JpaBaseConfiguration$JpaWebConfiguration : spring.jpa.open-in-view is enabled by default. Therefore, database queries may be performed during view rendering. Explicitly configure spring.jpa.open-in-view to disable this warning
2025-07-28T23:41:03.272+05:30  INFO 782246 --- [main] o.s.s.web.DefaultSecurityFilterChain     : Will secure any request with [org.springframework.security.web.session.DisableEncodeUrlFilter@2512155e, org.springframework.security.web.context.request.async.WebAsyncManagerIntegrationFilter@ef59aee, org.springframework.security.web.context.SecurityContextHolderFilter@2fcad739, org.springframework.security.web.header.HeaderWriterFilter@5f7c1de0, org.springframework.security.web.authentication.logout.LogoutFilter@7789526e, org.springframework.security.web.authentication.UsernamePasswordAuthenticationFilter@45ecdd32, org.springframework.security.web.authentication.ui.DefaultLoginPageGeneratingFilter@57063e08, org.springframework.security.web.authentication.ui.DefaultLogoutPageGeneratingFilter@779cb140, org.springframework.security.web.authentication.www.BasicAuthenticationFilter@38326fd5, org.springframework.security.web.savedrequest.RequestCacheAwareFilter@79a92277, org.springframework.security.web.servletapi.SecurityContextHolderAwareRequestFilter@1cb73a92, org.springframework.security.web.authentication.AnonymousAuthenticationFilter@45a4587d, org.springframework.security.web.access.ExceptionTranslationFilter@6aed4a23, org.springframework.security.web.access.intercept.AuthorizationFilter@14091e24]
2025-07-28T23:41:03.878+05:30  INFO 782246 --- [main] o.s.b.w.embedded.tomcat.TomcatWebServer  : Tomcat started on port(s): 8082 (http) with context path ''
2025-07-28T23:41:03.898+05:30  INFO 782246 --- [main] com.practice.SpringPracticeApplication   : Started SpringPracticeApplication in 7.089 seconds (process running for 8.381)
2025-07-28T23:41:06.324+05:30  INFO 782246 --- [http-nio-8082-exec-2] o.a.c.c.C.[Tomcat].[localhost].[/]       : Initializing Spring DispatcherServlet 'dispatcherServlet'
2025-07-28T23:41:06.325+05:30  INFO 782246 --- [http-nio-8082-exec-2] o.s.web.servlet.DispatcherServlet        : Initializing Servlet 'dispatcherServlet'
2025-07-28T23:41:06.326+05:30  INFO 782246 --- [http-nio-8082-exec-2] o.s.web.servlet.DispatcherServlet        : Completed initialization in 1 ms
2025-07-28T23:43:29.762+05:30  INFO 782246 --- [SpringApplicationShutdownHook] j.LocalContainerEntityManagerFactoryBean : Closing JPA EntityManagerFactory for persistence unit 'default'
2025-07-28T23:43:29.767+05:30  INFO 782246 --- [SpringApplicationShutdownHook] com.zaxxer.hikari.HikariDataSource       : HikariPool-1 - Shutdown initiated...
2025-07-28T23:43:29.782+05:30  INFO 782246 --- [SpringApplicationShutdownHook] com.zaxxer.hikari.HikariDataSource       : HikariPool-1 - Shutdown completed.
2025-07-28T23:43:31.411+05:30  INFO 784208 --- [main] com.practice.SpringPracticeApplication   : Starting SpringPracticeApplication using Java 17.0.15 with PID 784208 (/home/jatin/Desktop/rashindra/backend/spring-practice/target/classes started by jatin in /home/jatin/Desktop/rashindra/backend/spring-practice)
2025-07-28T23:43:31.413+05:30  INFO 784208 --- [main] com.practice.SpringPracticeApplication   : The following 1 profile is active: "dev"
2025-07-28T23:43:32.227+05:30  INFO 784208 --- [main] .s.d.r.c.RepositoryConfigurationDelegate : Bootstrapping Spring Data JPA repositories in DEFAULT mode.
2025-07-28T23:43:32.312+05:30  INFO 784208 --- [main] .s.d.r.c.RepositoryConfigurationDelegate : Finished Spring Data repository scanning in 76 ms. Found 4 JPA repository interfaces.
2025-07-28T23:43:32.917+05:30  INFO 784208 --- [main] o.s.b.w.embedded.tomcat.TomcatWebServer  : Tomcat initialized with port(s): 8082 (http)
2025-07-28T23:43:32.927+05:30  INFO 784208 --- [main] o.apache.catalina.core.StandardService   : Starting service [Tomcat]
2025-07-28T23:43:32.927+05:30  INFO 784208 --- [main] o.apache.catalina.core.StandardEngine    : Starting Servlet engine: [Apache Tomcat/10.1.12]
2025-07-28T23:43:33.017+05:30  INFO 784208 --- [main] o.a.c.c.C.[Tomcat].[localhost].[/]       : Initializing Spring embedded WebApplicationContext
2025-07-28T23:43:33.017+05:30  INFO 784208 --- [main] w.s.c.ServletWebServerApplicationContext : Root WebApplicationContext: initialization completed in 1544 ms
2025-07-28T23:43:33.281+05:30  INFO 784208 --- [main] o.hibernate.jpa.internal.util.LogHelper  : HHH000204: Processing PersistenceUnitInfo [name: default]
2025-07-28T23:43:33.338+05:30  INFO 784208 --- [main] org.hibernate.Version                    : HHH000412: Hibernate ORM core version 6.2.7.Final
2025-07-28T23:43:33.340+05:30  INFO 784208 --- [main] org.hibernate.cfg.Environment            : HHH000406: Using bytecode reflection optimizer
2025-07-28T23:43:33.480+05:30  INFO 784208 --- [main] o.h.b.i.BytecodeProviderInitiator        : HHH000021: Bytecode provider name : bytebuddy
2025-07-28T23:43:33.640+05:30  INFO 784208 --- [main] o.s.o.j.p.SpringPersistenceUnitInfo      : No LoadTimeWeaver setup: ignoring JPA class transformer
2025-07-28T23:43:33.662+05:30  INFO 784208 --- [main] com.zaxxer.hikari.HikariDataSource       : HikariPool-1 - Starting...
2025-07-28T23:43:34.010+05:30  INFO 784208 --- [main] com.zaxxer.hikari.pool.HikariPool        : HikariPool-1 - Added connection com.mysql.cj.jdbc.ConnectionImpl@83b0d0f
2025-07-28T23:43:34.012+05:30  INFO 784208 --- [main] com.zaxxer.hikari.HikariDataSource       : HikariPool-1 - Start completed.
2025-07-28T23:43:34.061+05:30  WARN 784208 --- [main] org.hibernate.orm.deprecation            : HHH90000026: MySQL8Dialect has been deprecated; use org.hibernate.dialect.MySQLDialect instead
2025-07-28T23:43:34.326+05:30  INFO 784208 --- [main] o.h.b.i.BytecodeProviderInitiator        : HHH000021: Bytecode provider name : bytebuddy
2025-07-28T23:43:35.146+05:30  INFO 784208 --- [main] o.h.e.t.j.p.i.JtaPlatformInitiator       : HHH000490: Using JtaPlatform implementation: [org.hibernate.engine.transaction.jta.platform.internal.NoJtaPlatform]
2025-07-28T23:43:35.252+05:30  INFO 784208 --- [main] j.LocalContainerEntityManagerFactoryBean : Initialized JPA EntityManagerFactory for persistence unit 'default'
2025-07-28T23:43:35.764+05:30  WARN 784208 --- [main] JpaBaseConfiguration$JpaWebConfiguration : spring.jpa.open-in-view is enabled by default. Therefore, database queries may be performed during view rendering. Explicitly configure spring.jpa.open-in-view to disable this warning
2025-07-28T23:43:35.876+05:30  INFO 784208 --- [main] o.s.s.web.DefaultSecurityFilterChain     : Will secure any request with [org.springframework.security.web.session.DisableEncodeUrlFilter@1f381eaf, org.springframework.security.web.context.request.async.WebAsyncManagerIntegrationFilter@5df7ae0a, org.springframework.security.web.context.SecurityContextHolderFilter@6ace3, org.springframework.security.web.header.HeaderWriterFilter@530bd77b, org.springframework.security.web.authentication.logout.LogoutFilter@594fcb22, org.springframework.security.web.authentication.UsernamePasswordAuthenticationFilter@6a905513, org.springframework.security.web.authentication.ui.DefaultLoginPageGeneratingFilter@5862ab28, org.springframework.security.web.authentication.ui.DefaultLogoutPageGeneratingFilter@293ba26c, org.springframework.security.web.authentication.www.BasicAuthenticationFilter@147aceec, org.springframework.security.web.savedrequest.RequestCacheAwareFilter@1ab717f3, org.springframework.security.web.servletapi.SecurityContextHolderAwareRequestFilter@103033fe, org.springframework.security.web.authentication.AnonymousAuthenticationFilter@36dc6b9, org.springframework.security.web.access.ExceptionTranslationFilter@63a9af28, org.springframework.security.web.access.intercept.AuthorizationFilter@65dd2191]
2025-07-28T23:43:36.339+05:30  INFO 784208 --- [main] o.s.b.w.embedded.tomcat.TomcatWebServer  : Tomcat started on port(s): 8082 (http) with context path ''
2025-07-28T23:43:36.353+05:30  INFO 784208 --- [main] com.practice.SpringPracticeApplication   : Started SpringPracticeApplication in 5.463 seconds (process running for 5.912)
2025-07-28T23:43:37.323+05:30  INFO 784208 --- [http-nio-8082-exec-2] o.a.c.c.C.[Tomcat].[localhost].[/]       : Initializing Spring DispatcherServlet 'dispatcherServlet'
2025-07-28T23:43:37.323+05:30  INFO 784208 --- [http-nio-8082-exec-2] o.s.web.servlet.DispatcherServlet        : Initializing Servlet 'dispatcherServlet'
2025-07-28T23:43:37.326+05:30  INFO 784208 --- [http-nio-8082-exec-2] o.s.web.servlet.DispatcherServlet        : Completed initialization in 2 ms
